Need better handling on foreign_key
Need better handling on foreign_key
Need better handling on foreign_key
Need better handling on foreign_key
Need better handling on foreign_key
Need better handling on foreign_key
Need better handling on foreign_key
Need better handling on foreign_key
Need better handling on foreign_key
Need better handling on foreign_key
Need better handling on foreign_key
Need better handling on foreign_key
Need better handling on foreign_key
Need better handling on foreign_key
